node : - Generating browser application bundles (phase: setup)...
At line:1 char:1
+ node .\node_modules\@angular\cli\bin\ng build > build_output.txt 2>&1
+ ~~~~~~~~~~~~~~~~~~~~~~~~~~~~~~~~~~~~~~~~~~~~~~~~~~~~~~~~~~~~~~~~~~~~~
    + CategoryInfo          : NotSpecified: (- Generating br...hase: setup)... 
   :String) [], RemoteException
    + FullyQualifiedErrorId : NativeCommandError
 
Γ£ö Browser application bundle generation complete.
Γ£ö Browser application bundle generation complete.
[1m[31m
./src/styles.scss - Error: Module build failed (from 
./node_modules/sass-loader/dist/cjs.js):
Undefined function.
  Γò╖
5 Γöé $my-primary: mat.define-palette(mat.$indigo-palette);
  Γöé              ^^^^^^^^^^^^^^^^^^^^^^^^^^^^^^^^^^^^^^^
  Γò╡
  src\styles.scss 5:14  root stylesheet

./src/styles.scss?ngGlobalStyle - Error: Module build failed (from 
./node_modules/mini-css-extract-plugin/dist/loader.js):
HookWebpackError: Module build failed (from 
./node_modules/sass-loader/dist/cjs.js):
Undefined function.
  Γò╖
5 Γöé $my-primary: mat.define-palette(mat.$indigo-palette);
  Γöé              ^^^^^^^^^^^^^^^^^^^^^^^^^^^^^^^^^^^^^^^
  Γò╡
  src\styles.scss 5:14  root stylesheet

[39m[22m
